V1
0.1 -8.0

V2
0.1 24.0

V3
0.1 20.0

I_Vsrc0
0.1 -0.4

I_Vsrc1
0.1 0.1