V1
0.1 10.0

V2
0.1 5.0

I_Vsrc0
0.1 -1.66666666667